  Determining projects to restore...
  All projects are up-to-date for restore.
  MediatR.Abstractions -> /Users/arsen/Projects/Dilcore/Platform/src/Common/MediatR/MediatR.Abstractions/bin/Debug/net10.0/MediatR.Abstractions.dll
  Results.Abstractions -> /Users/arsen/Projects/Dilcore/Platform/src/Common/FluentResults/Results.Abstractions/bin/Debug/net10.0/Results.Abstractions.dll
  MultiTenant.Abstractions -> /Users/arsen/Projects/Dilcore/Platform/src/Common/MultiTenant/MultiTenant.Abstractions/bin/Debug/net10.0/MultiTenant.Abstractions.dll
  Identity.Actors.Abstractions -> /Users/arsen/Projects/Dilcore/Platform/src/Identity/Identity.Actors.Abstractions/bin/Debug/net10.0/Identity.Actors.Abstractions.dll
  Tests.Common -> /Users/arsen/Projects/Dilcore/Platform/tests/Common/Tests.Common/bin/Debug/net10.0/Tests.Common.dll
  Tenancy.Actors.Abstractions -> /Users/arsen/Projects/Dilcore/Platform/src/Tenancy/Tenancy.Actors.Abstractions/bin/Debug/net10.0/Tenancy.Actors.Abstractions.dll
  Authentication.Abstractions -> /Users/arsen/Projects/Dilcore/Platform/src/Common/Authentication/Authentication.Abstractions/bin/Debug/net10.0/Authentication.Abstractions.dll
  Telemetry.Abstractions -> /Users/arsen/Projects/Dilcore/Platform/src/Common/Telemetry/Telemetry.Abstractions/bin/Debug/net10.0/Telemetry.Abstractions.dll
  Tenancy.Domain -> /Users/arsen/Projects/Dilcore/Platform/src/Tenancy/Tenancy.Domain/bin/Debug/net10.0/Tenancy.Domain.dll
  Domain.Abstractions -> /Users/arsen/Projects/Dilcore/Platform/src/Common/Domain/Domain.Abstractions/bin/Debug/net10.0/Domain.Abstractions.dll
  FluentValidation.Extensions.MinimalApi -> /Users/arsen/Projects/Dilcore/Platform/src/Common/FluentValidation/FluentValidation.Extensions.MinimalApi/bin/Debug/net10.0/FluentValidation.Extensions.MinimalApi.dll
  Authentication.Auth0 -> /Users/arsen/Projects/Dilcore/Platform/src/Common/Authentication/Authentication.Auth0/bin/Debug/net10.0/Authentication.Auth0.dll
  Configuration.Extensions -> /Users/arsen/Projects/Dilcore/Platform/src/Common/Configuration/Configuration.Extensions/bin/Debug/net10.0/Configuration.Extensions.dll
Test run for /Users/arsen/Projects/Dilcore/Platform/tests/Common/Tests.Common/bin/Debug/net10.0/Tests.Common.dll (.NETCoreApp,Version=v10.0)
  Extensions.OpenApi.Abstractions -> /Users/arsen/Projects/Dilcore/Platform/src/Common/OpenApi/Extensions.OpenApi.Abstractions/bin/Debug/net10.0/Extensions.OpenApi.Abstractions.dll
  Identity.Actors -> /Users/arsen/Projects/Dilcore/Platform/src/Identity/Identity.Actors/bin/Debug/net10.0/Identity.Actors.dll
  Results.Extensions.Api -> /Users/arsen/Projects/Dilcore/Platform/src/Common/FluentResults/Results.Extensions.Api/bin/Debug/net10.0/Results.Extensions.Api.dll
VSTest version 18.0.1 (arm64)

Starting test execution, please wait...
  FluentValidation.Extensions.OpenApi -> /Users/arsen/Projects/Dilcore/Platform/src/Common/FluentValidation/FluentValidation.Extensions.OpenApi/bin/Debug/net10.0/FluentValidation.Extensions.OpenApi.dll
A total of 1 test files matched the specified pattern.
  Extensions.OpenApi -> /Users/arsen/Projects/Dilcore/Platform/src/Common/OpenApi/Extensions.OpenApi/bin/Debug/net10.0/Extensions.OpenApi.dll
  Extensions.Scalar -> /Users/arsen/Projects/Dilcore/Platform/src/Common/Scalar/Extensions.Scalar/bin/Debug/net10.0/Extensions.Scalar.dll
  Tenancy.Actors -> /Users/arsen/Projects/Dilcore/Platform/src/Tenancy/Tenancy.Actors/bin/Debug/net10.0/Tenancy.Actors.dll
  Identity.Domain -> /Users/arsen/Projects/Dilcore/Platform/src/Identity/Identity.Domain/bin/Debug/net10.0/Identity.Domain.dll
  Configuration.AspNetCore -> /Users/arsen/Projects/Dilcore/Platform/src/Common/Configuration/Configuration.AspNetCore/bin/Debug/net10.0/Configuration.AspNetCore.dll
No test is available in /Users/arsen/Projects/Dilcore/Platform/tests/Common/Tests.Common/bin/Debug/net10.0/Tests.Common.dll. Make sure that test discoverer & executors are registered and platform & framework version settings are appropriate and try again.

  MultiTenant.Extensions.OpenApi -> /Users/arsen/Projects/Dilcore/Platform/src/Common/MultiTenant/MultiTenant.Extensions.OpenApi/bin/Debug/net10.0/MultiTenant.Extensions.OpenApi.dll
  MultiTenant.Http.Extensions -> /Users/arsen/Projects/Dilcore/Platform/src/Common/MultiTenant/MultiTenant.Http.Extensions/bin/Debug/net10.0/MultiTenant.Http.Extensions.dll
  MediatR.Extensions -> /Users/arsen/Projects/Dilcore/Platform/src/Common/MediatR/MediatR.Extensions/bin/Debug/net10.0/MediatR.Extensions.dll
  Authentication.Auth0.Tests -> /Users/arsen/Projects/Dilcore/Platform/tests/Common/Authentication/Authentication.Auth0.Tests/bin/Debug/net10.0/Authentication.Auth0.Tests.dll
Test run for /Users/arsen/Projects/Dilcore/Platform/tests/Common/Authentication/Authentication.Auth0.Tests/bin/Debug/net10.0/Authentication.Auth0.Tests.dll (.NETCoreApp,Version=v10.0)
  Extensions.Scalar.Tests -> /Users/arsen/Projects/Dilcore/Platform/tests/Common/Scalar/Extensions.Scalar.Tests/bin/Debug/net10.0/Extensions.Scalar.Tests.dll
  Identity.Actors.Abstractions.Tests -> /Users/arsen/Projects/Dilcore/Platform/tests/Identity/Identity.Actors.Abstractions.Tests/bin/Debug/net10.0/Identity.Actors.Abstractions.Tests.dll
  FluentValidation.Extensions.OpenApi.Tests -> /Users/arsen/Projects/Dilcore/Platform/tests/Common/FluentValidation/FluentValidation.Extensions.OpenApi.Tests/bin/Debug/net10.0/FluentValidation.Extensions.OpenApi.Tests.dll
Test run for /Users/arsen/Projects/Dilcore/Platform/tests/Common/Scalar/Extensions.Scalar.Tests/bin/Debug/net10.0/Extensions.Scalar.Tests.dll (.NETCoreApp,Version=v10.0)
Test run for /Users/arsen/Projects/Dilcore/Platform/tests/Common/FluentValidation/FluentValidation.Extensions.OpenApi.Tests/bin/Debug/net10.0/FluentValidation.Extensions.OpenApi.Tests.dll (.NETCoreApp,Version=v10.0)
VSTest version 18.0.1 (arm64)

Starting test execution, please wait...
A total of 1 test files matched the specified pattern.
  Tenancy.Actors.Abstractions.Tests -> /Users/arsen/Projects/Dilcore/Platform/tests/Tenancy/Tenancy.Actors.Abstractions.Tests/bin/Debug/net10.0/Tenancy.Actors.Abstractions.Tests.dll
VSTest version 18.0.1 (arm64)

VSTest version 18.0.1 (arm64)

  MediatR.Extensions.Tests -> /Users/arsen/Projects/Dilcore/Platform/tests/Common/MediatR/MediatR.Extensions.Tests/bin/Debug/net10.0/MediatR.Extensions.Tests.dll
  FluentValidation.Extensions.MinimalApi.Tests -> /Users/arsen/Projects/Dilcore/Platform/tests/Common/FluentValidation/FluentValidation.Extensions.MinimalApi.Tests/bin/Debug/net10.0/FluentValidation.Extensions.MinimalApi.Tests.dll
Starting test execution, please wait...
Test run for /Users/arsen/Projects/Dilcore/Platform/tests/Common/FluentValidation/FluentValidation.Extensions.MinimalApi.Tests/bin/Debug/net10.0/FluentValidation.Extensions.MinimalApi.Tests.dll (.NETCoreApp,Version=v10.0)
A total of 1 test files matched the specified pattern.
Starting test execution, please wait...
Test run for /Users/arsen/Projects/Dilcore/Platform/tests/Common/MediatR/MediatR.Extensions.Tests/bin/Debug/net10.0/MediatR.Extensions.Tests.dll (.NETCoreApp,Version=v10.0)
A total of 1 test files matched the specified pattern.
VSTest version 18.0.1 (arm64)

VSTest version 18.0.1 (arm64)

  Authentication.Http.Extensions -> /Users/arsen/Projects/Dilcore/Platform/src/Common/Authentication/Authentication.Http.Extensions/bin/Debug/net10.0/Authentication.Http.Extensions.dll
Test run for /Users/arsen/Projects/Dilcore/Platform/tests/Identity/Identity.Actors.Abstractions.Tests/bin/Debug/net10.0/Identity.Actors.Abstractions.Tests.dll (.NETCoreApp,Version=v10.0)
Starting test execution, please wait...
Starting test execution, please wait...
A total of 1 test files matched the specified pattern.
A total of 1 test files matched the specified pattern.
VSTest version 18.0.1 (arm64)

Starting test execution, please wait...
A total of 1 test files matched the specified pattern.

Passed!  - Failed:     0, Passed:     6, Skipped:     0, Total:     6, Duration: 434 ms - Authentication.Auth0.Tests.dll (net10.0)

Passed!  - Failed:     0, Passed:     8, Skipped:     0, Total:     8, Duration: 501 ms - FluentValidation.Extensions.OpenApi.Tests.dll (net10.0)

Passed!  - Failed:     0, Passed:     4, Skipped:     0, Total:     4, Duration: 182 ms - FluentValidation.Extensions.MinimalApi.Tests.dll (net10.0)

Passed!  - Failed:     0, Passed:     1, Skipped:     0, Total:     1, Duration: 15 ms - Identity.Actors.Abstractions.Tests.dll (net10.0)

Passed!  - Failed:     0, Passed:     8, Skipped:     0, Total:     8, Duration: 877 ms - Extensions.Scalar.Tests.dll (net10.0)

Passed!  - Failed:     0, Passed:    14, Skipped:     0, Total:    14, Duration: 368 ms - MediatR.Extensions.Tests.dll (net10.0)
  Tenancy.Domain.Tests -> /Users/arsen/Projects/Dilcore/Platform/tests/Tenancy/Tenancy.Domain.Tests/bin/Debug/net10.0/Tenancy.Domain.Tests.dll
Test run for /Users/arsen/Projects/Dilcore/Platform/tests/Tenancy/Tenancy.Domain.Tests/bin/Debug/net10.0/Tenancy.Domain.Tests.dll (.NETCoreApp,Version=v10.0)
  Tenancy.Core -> /Users/arsen/Projects/Dilcore/Platform/src/Tenancy/Tenancy.Core/bin/Debug/net10.0/Tenancy.Core.dll
  Identity.Actors.Tests -> /Users/arsen/Projects/Dilcore/Platform/tests/Identity/Identity.Actors.Tests/bin/Debug/net10.0/Identity.Actors.Tests.dll
Test run for /Users/arsen/Projects/Dilcore/Platform/tests/Tenancy/Tenancy.Actors.Abstractions.Tests/bin/Debug/net10.0/Tenancy.Actors.Abstractions.Tests.dll (.NETCoreApp,Version=v10.0)
Test run for /Users/arsen/Projects/Dilcore/Platform/tests/Identity/Identity.Actors.Tests/bin/Debug/net10.0/Identity.Actors.Tests.dll (.NETCoreApp,Version=v10.0)
  Authentication.Http.Extensions.Tests -> /Users/arsen/Projects/Dilcore/Platform/tests/Common/Authentication/Authentication.Http.Extensions.Tests/bin/Debug/net10.0/Authentication.Http.Extensions.Tests.dll
Test run for /Users/arsen/Projects/Dilcore/Platform/tests/Common/Authentication/Authentication.Http.Extensions.Tests/bin/Debug/net10.0/Authentication.Http.Extensions.Tests.dll (.NETCoreApp,Version=v10.0)
VSTest version 18.0.1 (arm64)

VSTest version 18.0.1 (arm64)

VSTest version 18.0.1 (arm64)

Starting test execution, please wait...
Starting test execution, please wait...
A total of 1 test files matched the specified pattern.
A total of 1 test files matched the specified pattern.
VSTest version 18.0.1 (arm64)

Starting test execution, please wait...
A total of 1 test files matched the specified pattern.
Starting test execution, please wait...
A total of 1 test files matched the specified pattern.
No test is available in /Users/arsen/Projects/Dilcore/Platform/tests/Tenancy/Tenancy.Domain.Tests/bin/Debug/net10.0/Tenancy.Domain.Tests.dll. Make sure that test discoverer & executors are registered and platform & framework version settings are appropriate and try again.
No test is available in /Users/arsen/Projects/Dilcore/Platform/tests/Tenancy/Tenancy.Actors.Abstractions.Tests/bin/Debug/net10.0/Tenancy.Actors.Abstractions.Tests.dll. Make sure that test discoverer & executors are registered and platform & framework version settings are appropriate and try again.

  Results.Extensions.Api.Tests -> /Users/arsen/Projects/Dilcore/Platform/tests/Common/FluentResults/Results.Extensions.Api.Tests/bin/Debug/net10.0/Results.Extensions.Api.Tests.dll

Test run for /Users/arsen/Projects/Dilcore/Platform/tests/Common/FluentResults/Results.Extensions.Api.Tests/bin/Debug/net10.0/Results.Extensions.Api.Tests.dll (.NETCoreApp,Version=v10.0)
VSTest version 18.0.1 (arm64)

Starting test execution, please wait...
A total of 1 test files matched the specified pattern.
  Tenancy.Infrastructure -> /Users/arsen/Projects/Dilcore/Platform/src/Tenancy/Tenancy.Infrastructure/bin/Debug/net10.0/Tenancy.Infrastructure.dll
  Tenancy.WebApi -> /Users/arsen/Projects/Dilcore/Platform/src/Tenancy/Tenancy.WebApi/bin/Debug/net10.0/Tenancy.WebApi.dll

Passed!  - Failed:     0, Passed:    11, Skipped:     0, Total:    11, Duration: 137 ms - Authentication.Http.Extensions.Tests.dll (net10.0)
  MultiTenant.Http.Extensions.Tests -> /Users/arsen/Projects/Dilcore/Platform/tests/Common/MultiTenant/MultiTenant.Http.Extensions.Tests/bin/Debug/net10.0/MultiTenant.Http.Extensions.Tests.dll
Test run for /Users/arsen/Projects/Dilcore/Platform/tests/Common/MultiTenant/MultiTenant.Http.Extensions.Tests/bin/Debug/net10.0/MultiTenant.Http.Extensions.Tests.dll (.NETCoreApp,Version=v10.0)
VSTest version 18.0.1 (arm64)

Starting test execution, please wait...
  Tenancy.WebApi.Tests -> /Users/arsen/Projects/Dilcore/Platform/tests/Tenancy/Tenancy.WebApi.Tests/bin/Debug/net10.0/Tenancy.WebApi.Tests.dll
Test run for /Users/arsen/Projects/Dilcore/Platform/tests/Tenancy/Tenancy.WebApi.Tests/bin/Debug/net10.0/Tenancy.WebApi.Tests.dll (.NETCoreApp,Version=v10.0)
  Tenancy.Infrastructure.Tests -> /Users/arsen/Projects/Dilcore/Platform/tests/Tenancy/Tenancy.Infrastructure.Tests/bin/Debug/net10.0/Tenancy.Infrastructure.Tests.dll
A total of 1 test files matched the specified pattern.
Test run for /Users/arsen/Projects/Dilcore/Platform/tests/Tenancy/Tenancy.Infrastructure.Tests/bin/Debug/net10.0/Tenancy.Infrastructure.Tests.dll (.NETCoreApp,Version=v10.0)
VSTest version 18.0.1 (arm64)

Starting test execution, please wait...
VSTest version 18.0.1 (arm64)

A total of 1 test files matched the specified pattern.

Passed!  - Failed:     0, Passed:     5, Skipped:     0, Total:     5, Duration: 62 ms - Results.Extensions.Api.Tests.dll (net10.0)
Starting test execution, please wait...
A total of 1 test files matched the specified pattern.

Passed!  - Failed:     0, Passed:    12, Skipped:     0, Total:    12, Duration: 140 ms - MultiTenant.Http.Extensions.Tests.dll (net10.0)

Passed!  - Failed:     0, Passed:     1, Skipped:     0, Total:     1, Duration: 12 ms - Tenancy.WebApi.Tests.dll (net10.0)

Passed!  - Failed:     0, Passed:     6, Skipped:     0, Total:     6, Duration: 1 s - Identity.Actors.Tests.dll (net10.0)

Passed!  - Failed:     0, Passed:     1, Skipped:     0, Total:     1, Duration: 18 ms - Tenancy.Infrastructure.Tests.dll (net10.0)
  Tenancy.Store -> /Users/arsen/Projects/Dilcore/Platform/src/Tenancy/Tenancy.Store/bin/Debug/net10.0/Tenancy.Store.dll
  Tenancy.Core.Tests -> /Users/arsen/Projects/Dilcore/Platform/tests/Tenancy/Tenancy.Core.Tests/bin/Debug/net10.0/Tenancy.Core.Tests.dll
Test run for /Users/arsen/Projects/Dilcore/Platform/tests/Tenancy/Tenancy.Core.Tests/bin/Debug/net10.0/Tenancy.Core.Tests.dll (.NETCoreApp,Version=v10.0)
  MultiTenant.Abstractions.Tests -> /Users/arsen/Projects/Dilcore/Platform/tests/Common/MultiTenant/MultiTenant.Abstractions.Tests/bin/Debug/net10.0/MultiTenant.Abstractions.Tests.dll
Test run for /Users/arsen/Projects/Dilcore/Platform/tests/Common/MultiTenant/MultiTenant.Abstractions.Tests/bin/Debug/net10.0/MultiTenant.Abstractions.Tests.dll (.NETCoreApp,Version=v10.0)
VSTest version 18.0.1 (arm64)

Starting test execution, please wait...
VSTest version 18.0.1 (arm64)

A total of 1 test files matched the specified pattern.
Starting test execution, please wait...
A total of 1 test files matched the specified pattern.

Passed!  - Failed:     0, Passed:     3, Skipped:     0, Total:     3, Duration: 22 ms - MultiTenant.Abstractions.Tests.dll (net10.0)

Passed!  - Failed:     0, Passed:     8, Skipped:     0, Total:     8, Duration: 125 ms - Tenancy.Core.Tests.dll (net10.0)
  Telemetry.Extensions.OpenTelemetry -> /Users/arsen/Projects/Dilcore/Platform/src/Common/Telemetry/Telemetry.Extensions.OpenTelemetry/bin/Debug/net10.0/Telemetry.Extensions.OpenTelemetry.dll
  Tenancy.Actors.Tests -> /Users/arsen/Projects/Dilcore/Platform/tests/Tenancy/Tenancy.Actors.Tests/bin/Debug/net10.0/Tenancy.Actors.Tests.dll
Test run for /Users/arsen/Projects/Dilcore/Platform/tests/Tenancy/Tenancy.Actors.Tests/bin/Debug/net10.0/Tenancy.Actors.Tests.dll (.NETCoreApp,Version=v10.0)
VSTest version 18.0.1 (arm64)

Starting test execution, please wait...
A total of 1 test files matched the specified pattern.

Passed!  - Failed:     0, Passed:     6, Skipped:     0, Total:     6, Duration: 1 s - Tenancy.Actors.Tests.dll (net10.0)
  Identity.Core -> /Users/arsen/Projects/Dilcore/Platform/src/Identity/Identity.Core/bin/Debug/net10.0/Identity.Core.dll
  Configuration.Extensions.Tests -> /Users/arsen/Projects/Dilcore/Platform/tests/Common/Configuration/Configuration.Extensions.Tests/bin/Debug/net10.0/Configuration.Extensions.Tests.dll
Test run for /Users/arsen/Projects/Dilcore/Platform/tests/Common/Configuration/Configuration.Extensions.Tests/bin/Debug/net10.0/Configuration.Extensions.Tests.dll (.NETCoreApp,Version=v10.0)
VSTest version 18.0.1 (arm64)

  Identity.Domain.Tests -> /Users/arsen/Projects/Dilcore/Platform/tests/Identity/Identity.Domain.Tests/bin/Debug/net10.0/Identity.Domain.Tests.dll
Starting test execution, please wait...
A total of 1 test files matched the specified pattern.
  Identity.Infrastructure -> /Users/arsen/Projects/Dilcore/Platform/src/Identity/Identity.Infrastructure/bin/Debug/net10.0/Identity.Infrastructure.dll
Test run for /Users/arsen/Projects/Dilcore/Platform/tests/Identity/Identity.Domain.Tests/bin/Debug/net10.0/Identity.Domain.Tests.dll (.NETCoreApp,Version=v10.0)
  Tenancy.Architecture.Tests -> /Users/arsen/Projects/Dilcore/Platform/tests/Tenancy/Tenancy.Architecture.Tests/bin/Debug/net10.0/Tenancy.Architecture.Tests.dll
  Identity.WebApi -> /Users/arsen/Projects/Dilcore/Platform/src/Identity/Identity.WebApi/bin/Debug/net10.0/Identity.WebApi.dll
Test run for /Users/arsen/Projects/Dilcore/Platform/tests/Tenancy/Tenancy.Architecture.Tests/bin/Debug/net10.0/Tenancy.Architecture.Tests.dll (.NETCoreApp,Version=v10.0)
  Tenancy.Store.Tests -> /Users/arsen/Projects/Dilcore/Platform/tests/Tenancy/Tenancy.Store.Tests/bin/Debug/net10.0/Tenancy.Store.Tests.dll
Test run for /Users/arsen/Projects/Dilcore/Platform/tests/Tenancy/Tenancy.Store.Tests/bin/Debug/net10.0/Tenancy.Store.Tests.dll (.NETCoreApp,Version=v10.0)
VSTest version 18.0.1 (arm64)

Starting test execution, please wait...
A total of 1 test files matched the specified pattern.
VSTest version 18.0.1 (arm64)

VSTest version 18.0.1 (arm64)

Starting test execution, please wait...
A total of 1 test files matched the specified pattern.
Starting test execution, please wait...
A total of 1 test files matched the specified pattern.

Passed!  - Failed:     0, Passed:     4, Skipped:     0, Total:     4, Duration: 68 ms - Configuration.Extensions.Tests.dll (net10.0)

Passed!  - Failed:     0, Passed:     1, Skipped:     0, Total:     1, Duration: 57 ms - Identity.Domain.Tests.dll (net10.0)
/Users/arsen/Projects/Dilcore/Platform/tests/Common/Telemetry/Telemetry.Extensions.OpenTelemetry.Tests/UnifiedLogRecordProcessorTests.cs(32,26): warning CS8604: Possible null reference argument for parameter 'source' in 'Dictionary<string, object?> Enumerable.ToDictionary<KeyValuePair<string, object?>, string, object?>(IEnumerable<KeyValuePair<string, object?>> source, Func<KeyValuePair<string, object?>, string> keySelector, Func<KeyValuePair<string, object?>, object?> elementSelector)'. [/Users/arsen/Projects/Dilcore/Platform/tests/Common/Telemetry/Telemetry.Extensions.OpenTelemetry.Tests/Telemetry.Extensions.OpenTelemetry.Tests.csproj]
/Users/arsen/Projects/Dilcore/Platform/tests/Common/Telemetry/Telemetry.Extensions.OpenTelemetry.Tests/UnifiedLogRecordProcessorTests.cs(52,9): warning CS8604: Possible null reference argument for parameter 'actual' in 'void ShouldBeEnumerableTestExtensions.ShouldNotContain<KeyValuePair<string, object?>>(IEnumerable<KeyValuePair<string, object?>> actual, Expression<Func<KeyValuePair<string, object?>, bool>> elementPredicate, string? customMessage = null)'. [/Users/arsen/Projects/Dilcore/Platform/tests/Common/Telemetry/Telemetry.Extensions.OpenTelemetry.Tests/Telemetry.Extensions.OpenTelemetry.Tests.csproj]

Passed!  - Failed:     0, Passed:     1, Skipped:     0, Total:     1, Duration: 18 ms - Tenancy.Store.Tests.dll (net10.0)
/Users/arsen/Projects/Dilcore/Platform/tests/Identity/Identity.Core.Tests/GetCurrentUserHandlerTests.cs(58,9): warning CS8602: Dereference of a possibly null reference. [/Users/arsen/Projects/Dilcore/Platform/tests/Identity/Identity.Core.Tests/Identity.Core.Tests.csproj]
  Telemetry.Extensions.OpenTelemetry.Tests -> /Users/arsen/Projects/Dilcore/Platform/tests/Common/Telemetry/Telemetry.Extensions.OpenTelemetry.Tests/bin/Debug/net10.0/Telemetry.Extensions.OpenTelemetry.Tests.dll
  Identity.Core.Tests -> /Users/arsen/Projects/Dilcore/Platform/tests/Identity/Identity.Core.Tests/bin/Debug/net10.0/Identity.Core.Tests.dll
Test run for /Users/arsen/Projects/Dilcore/Platform/tests/Common/Telemetry/Telemetry.Extensions.OpenTelemetry.Tests/bin/Debug/net10.0/Telemetry.Extensions.OpenTelemetry.Tests.dll (.NETCoreApp,Version=v10.0)
Test run for /Users/arsen/Projects/Dilcore/Platform/tests/Identity/Identity.Core.Tests/bin/Debug/net10.0/Identity.Core.Tests.dll (.NETCoreApp,Version=v10.0)
  Identity.Store -> /Users/arsen/Projects/Dilcore/Platform/src/Identity/Identity.Store/bin/Debug/net10.0/Identity.Store.dll
VSTest version 18.0.1 (arm64)

VSTest version 18.0.1 (arm64)


Passed!  - Failed:     0, Passed:     7, Skipped:     0, Total:     7, Duration: 230 ms - Tenancy.Architecture.Tests.dll (net10.0)
Starting test execution, please wait...
A total of 1 test files matched the specified pattern.
Starting test execution, please wait...
A total of 1 test files matched the specified pattern.
  Identity.Infrastructure.Tests -> /Users/arsen/Projects/Dilcore/Platform/tests/Identity/Identity.Infrastructure.Tests/bin/Debug/net10.0/Identity.Infrastructure.Tests.dll
Test run for /Users/arsen/Projects/Dilcore/Platform/tests/Identity/Identity.Infrastructure.Tests/bin/Debug/net10.0/Identity.Infrastructure.Tests.dll (.NETCoreApp,Version=v10.0)
VSTest version 18.0.1 (arm64)

  Identity.WebApi.Tests -> /Users/arsen/Projects/Dilcore/Platform/tests/Identity/Identity.WebApi.Tests/bin/Debug/net10.0/Identity.WebApi.Tests.dll
Test run for /Users/arsen/Projects/Dilcore/Platform/tests/Identity/Identity.WebApi.Tests/bin/Debug/net10.0/Identity.WebApi.Tests.dll (.NETCoreApp,Version=v10.0)
Starting test execution, please wait...
A total of 1 test files matched the specified pattern.
  Identity.Store.Tests -> /Users/arsen/Projects/Dilcore/Platform/tests/Identity/Identity.Store.Tests/bin/Debug/net10.0/Identity.Store.Tests.dll
Test run for /Users/arsen/Projects/Dilcore/Platform/tests/Identity/Identity.Store.Tests/bin/Debug/net10.0/Identity.Store.Tests.dll (.NETCoreApp,Version=v10.0)
VSTest version 18.0.1 (arm64)

VSTest version 18.0.1 (arm64)

Starting test execution, please wait...
A total of 1 test files matched the specified pattern.
Starting test execution, please wait...
A total of 1 test files matched the specified pattern.

Passed!  - Failed:     0, Passed:     2, Skipped:     0, Total:     2, Duration: 157 ms - Telemetry.Extensions.OpenTelemetry.Tests.dll (net10.0)

Passed!  - Failed:     0, Passed:     9, Skipped:     0, Total:     9, Duration: 198 ms - Identity.Core.Tests.dll (net10.0)

Passed!  - Failed:     0, Passed:     1, Skipped:     0, Total:     1, Duration: 17 ms - Identity.Infrastructure.Tests.dll (net10.0)
  Identity.Architecture.Tests -> /Users/arsen/Projects/Dilcore/Platform/tests/Identity/Identity.Architecture.Tests/bin/Debug/net10.0/Identity.Architecture.Tests.dll

Passed!  - Failed:     0, Passed:     1, Skipped:     0, Total:     1, Duration: 16 ms - Identity.Store.Tests.dll (net10.0)
Test run for /Users/arsen/Projects/Dilcore/Platform/tests/Identity/Identity.Architecture.Tests/bin/Debug/net10.0/Identity.Architecture.Tests.dll (.NETCoreApp,Version=v10.0)

Passed!  - Failed:     0, Passed:     1, Skipped:     0, Total:     1, Duration: 24 ms - Identity.WebApi.Tests.dll (net10.0)
VSTest version 18.0.1 (arm64)

Starting test execution, please wait...
A total of 1 test files matched the specified pattern.

Passed!  - Failed:     0, Passed:     7, Skipped:     0, Total:     7, Duration: 174 ms - Identity.Architecture.Tests.dll (net10.0)
  WebApi -> /Users/arsen/Projects/Dilcore/Platform/src/WebApi/bin/Debug/net10.0/WebApi.dll
  WebApi.Tests -> /Users/arsen/Projects/Dilcore/Platform/tests/WebApi/WebApi.Tests/bin/Debug/net10.0/WebApi.Tests.dll
  WebApi.IntegrationTests -> /Users/arsen/Projects/Dilcore/Platform/tests/WebApi/WebApi.IntegrationTests/bin/Debug/net10.0/WebApi.IntegrationTests.dll
Test run for /Users/arsen/Projects/Dilcore/Platform/tests/WebApi/WebApi.Tests/bin/Debug/net10.0/WebApi.Tests.dll (.NETCoreApp,Version=v10.0)
Test run for /Users/arsen/Projects/Dilcore/Platform/tests/WebApi/WebApi.IntegrationTests/bin/Debug/net10.0/WebApi.IntegrationTests.dll (.NETCoreApp,Version=v10.0)
VSTest version 18.0.1 (arm64)

VSTest version 18.0.1 (arm64)

Starting test execution, please wait...
A total of 1 test files matched the specified pattern.
Starting test execution, please wait...
A total of 1 test files matched the specified pattern.

Passed!  - Failed:     0, Passed:    10, Skipped:     0, Total:    10, Duration: 172 ms - WebApi.Tests.dll (net10.0)

Passed!  - Failed:     0, Passed:    48, Skipped:     0, Total:    48, Duration: 3 s - WebApi.IntegrationTests.dll (net10.0)
